Component: ARM Compiler 5.05 update 1 (build 106) Tool: armlink [4d0efa]

==============================================================================

Section Cross References

    startup_lpc11xx.o(STACK) refers (Special) to heapauxi.o(.text) for __use_two_region_memory
    startup_lpc11xx.o(HEAP) refers (Special) to heapauxi.o(.text) for __use_two_region_memory
    startup_lpc11xx.o(RESET) refers (Special) to heapauxi.o(.text) for __use_two_region_memory
    startup_lpc11xx.o(RESET) refers to startup_lpc11xx.o(STACK) for __initial_sp
    startup_lpc11xx.o(RESET) refers to startup_lpc11xx.o(.text) for Reset_Handler
    startup_lpc11xx.o(RESET) refers to arm_system.o(.text) for SysTick_Handler
    startup_lpc11xx.o(RESET) refers to can.o(.text) for CAN_IRQHandler
    startup_lpc11xx.o(RESET) refers to ssp.o(.text) for SSP1_IRQHandler
    startup_lpc11xx.o(RESET) refers to i2c.o(.text) for I2C_IRQHandler
    startup_lpc11xx.o(RESET) refers to timer32.o(.text) for TIMER32_0_IRQHandler
    startup_lpc11xx.o(RESET) refers to uart.o(.text) for UART_IRQHandler
    startup_lpc11xx.o(RESET) refers to lpc11c14_it.o(.text) for PIOINT3_IRQHandler
    startup_lpc11xx.o(.ARM.__at_0x02FC) refers (Special) to heapauxi.o(.text) for __use_two_region_memory
    startup_lpc11xx.o(.text) refers (Special) to heapauxi.o(.text) for __use_two_region_memory
    startup_lpc11xx.o(.text) refers to __main.o(!!!main) for __main
    startup_lpc11xx.o(.text) refers to startup_lpc11xx.o(HEAP) for Heap_Mem
    startup_lpc11xx.o(.text) refers to startup_lpc11xx.o(STACK) for Stack_Mem
    system_lpc11xx.o(.text) refers to system_lpc11xx.o(.data) for ClockSource
    gpio.o(.text) refers to gpio.o(.constdata) for LPC_GPIO
    uart.o(.text) refers to aeabi_sdiv.o(.text) for __aeabi_uidivmod
    uart.o(.text) refers to vsnprintf.o(.text) for vsnprintf
    uart.o(.text) refers to uart.o(.data) for UARTStatus
    uart.o(.text) refers to uart.o(.bss) for UARTBuffer
    uart.o(.text) refers to system_lpc11xx.o(.data) for SystemAHBFrequency
    retarget.o(.text) refers (Special) to use_no_semi.o(.text) for __use_no_semihosting_swi
    retarget.o(.text) refers to uart.o(.data) for UARTCount
    retarget.o(.text) refers to uart.o(.bss) for UARTBuffer
    retarget.o(.data) refers (Special) to use_no_semi.o(.text) for __use_no_semihosting_swi
    timer32.o(.text) refers to aeabi_sdiv.o(.text) for __aeabi_uidivmod
    timer32.o(.text) refers to system_lpc11xx.o(.data) for SystemAHBFrequency
    timer32.o(.text) refers to timer32.o(.data) for timer32_0_counter
    ssp.o(.text) refers to gpio.o(.text) for GPIOSetDir
    ssp.o(.text) refers to ssp.o(.data) for interruptOverRunStat0
    i2c.o(.text) refers to i2c.o(i.__ARM_common_switch8) for __ARM_common_switch8
    i2c.o(.text) refers to i2c.o(.data) for WrIndex
    can.o(.text) refers to can.o(.bss) for can_buff
    can.o(.text) refers to can.o(.data) for EWarnCnt
    adc.o(.text) refers to aeabi_sdiv.o(.text) for __aeabi_uidivmod
    adc.o(.text) refers to adc.o(.bss) for ADCValue
    adc.o(.text) refers to system_lpc11xx.o(.data) for SystemAHBFrequency
    tools.o(.text) refers to aeabi_sdiv.o(.text) for __aeabi_uidivmod
    key.o(.text) refers to gpio.o(.text) for GPIOSetDir
    seg7led.o(.text) refers to gpio.o(.text) for GPIOSetDir
    seg7led.o(.text) refers to seg7led.o(.constdata) for segcode
    oled2864.o(.text) refers to gpio.o(.text) for GPIOSetValue
    oled2864.o(.text) refers to ssp.o(.text) for SPI_PutGet
    oled2864.o(.text) refers to oled2864.o(.constdata) for Ascii_1
    temp_hum.o(.text) refers to _printf_percent.o(.ARM.Collect$$_printf_percent$$00000000) for _printf_percent
    temp_hum.o(.text) refers to _printf_d.o(.ARM.Collect$$_printf_percent$$00000009) for _printf_d
    temp_hum.o(.text) refers to _printf_dec.o(.text) for _printf_int_dec
    temp_hum.o(.text) refers to gpio.o(.text) for GPIOIntDisable
    temp_hum.o(.text) refers to tools.o(.text) for delay_ms
    temp_hum.o(.text) refers to oled2864.o(.text) for OLED_ClearScreen
    temp_hum.o(.text) refers to __2snprintf.o(.text) for __2snprintf
    temp_hum.o(.text) refers to __2printf.o(.text) for __2printf
    temp_hum.o(.text) refers to key.o(.text) for KEY_Read
    temp_hum.o(.text) refers to lpc11c14_it.o(.data) for p3_2_counter
    light.o(.text) refers to _printf_percent.o(.ARM.Collect$$_printf_percent$$00000000) for _printf_percent
    light.o(.text) refers to _printf_d.o(.ARM.Collect$$_printf_percent$$00000009) for _printf_d
    light.o(.text) refers to _printf_dec.o(.text) for _printf_int_dec
    light.o(.text) refers to i2c.o(.text) for I2CWrite
    light.o(.text) refers to aeabi_sdiv.o(.text) for __aeabi_uidivmod
    light.o(.text) refers to oled2864.o(.text) for OLED_ClearScreen
    light.o(.text) refers to __2printf.o(.text) for __2printf
    light.o(.text) refers to __2snprintf.o(.text) for __2snprintf
[...]
    .ARM.Collect$$libshutdown$$00000006      0x00000240   Section        0  libshutdown2.o(.ARM.Collect$$libshutdown$$00000006)
    .ARM.Collect$$libshutdown$$00000009      0x00000240   Section        0  libshutdown2.o(.ARM.Collect$$libshutdown$$00000009)
    .ARM.Collect$$libshutdown$$0000000B      0x00000240   Section        0  libshutdown2.o(.ARM.Collect$$libshutdown$$0000000B)
    .ARM.Collect$$libshutdown$$0000000E      0x00000240   Section        0  libshutdown2.o(.ARM.Collect$$libshutdown$$0000000E)
    .ARM.Collect$$libshutdown$$0000000F      0x00000240   Section        2  libshutdown2.o(.ARM.Collect$$libshutdown$$0000000F)
    .ARM.Collect$$rtentry$$00000000          0x00000242   Section        0  __rtentry.o(.ARM.Collect$$rtentry$$00000000)
    .ARM.Collect$$rtentry$$00000002          0x00000242   Section        0  __rtentry2.o(.ARM.Collect$$rtentry$$00000002)
    .ARM.Collect$$rtentry$$00000004          0x00000242   Section        6  __rtentry4.o(.ARM.Collect$$rtentry$$00000004)
    .ARM.Collect$$rtentry$$00000009          0x00000248   Section        0  __rtentry2.o(.ARM.Collect$$rtentry$$00000009)
    .ARM.Collect$$rtentry$$0000000A          0x00000248   Section        4  __rtentry2.o(.ARM.Collect$$rtentry$$0000000A)
    .ARM.Collect$$rtentry$$0000000C          0x0000024c   Section        0  __rtentry2.o(.ARM.Collect$$rtentry$$0000000C)
    .ARM.Collect$$rtentry$$0000000D          0x0000024c   Section        8  __rtentry2.o(.ARM.Collect$$rtentry$$0000000D)
    .ARM.Collect$$rtexit$$00000000           0x00000254   Section        2  rtexit.o(.ARM.Collect$$rtexit$$00000000)
    .ARM.Collect$$rtexit$$00000002           0x00000256   Section        0  rtexit2.o(.ARM.Collect$$rtexit$$00000002)
    .ARM.Collect$$rtexit$$00000003           0x00000256   Section        4  rtexit2.o(.ARM.Collect$$rtexit$$00000003)
    .ARM.Collect$$rtexit$$00000004           0x0000025a   Section        6  rtexit2.o(.ARM.Collect$$rtexit$$00000004)
    .emb_text                                0x00000260   Section       56  rt_memcpy.o(.emb_text)
    .text                                    0x00000298   Section       52  startup_lpc11xx.o(.text)
    .text                                    0x000002cc   Section        2  use_no_semi.o(.text)
    .text                                    0x000002d0   Section        0  __2printf.o(.text)
    .text                                    0x000002ec   Section        0  heapauxi.o(.text)
    .text                                    0x000002f2   Section        0  _sputc.o(.text)
    .ARM.__at_0x02FC                         0x000002fc   Section        4  startup_lpc11xx.o(.ARM.__at_0x02FC)
    .text                                    0x00000300   Section        0  system_lpc11xx.o(.text)
    .text                                    0x000003e4   Section        0  clkconfig.o(.text)
    .text                                    0x00000460   Section        0  gpio.o(.text)
    NVIC_EnableIRQ                           0x0000082b   Thumb Code    14  gpio.o(.text)
    .text                                    0x00000854   Section        0  uart.o(.text)
    .text                                    0x00000aa8   Section        0  retarget.o(.text)
    .text                                    0x00000b34   Section        0  timer32.o(.text)
    NVIC_EnableIRQ                           0x00000fcf   Thumb Code    14  timer32.o(.text)
    .text                                    0x00000fe8   Section        0  ssp.o(.text)
    NVIC_EnableIRQ                           0x0000157d   Thumb Code    14  ssp.o(.text)
    .text                                    0x00001598   Section        0  i2c.o(.text)
    .text                                    0x000018a4   Section        0  can.o(.text)
    .text                                    0x00001c0c   Section        0  tools.o(.text)
    .text                                    0x00001ca0   Section        0  key.o(.text)
    .text                                    0x00001d48   Section        0  seg7led.o(.text)
    .text                                    0x00001dd8   Section        0  oled2864.o(.text)
    .text                                    0x000026e8   Section        0  temp_hum.o(.text)
    .text                                    0x00002ae0   Section        0  light.o(.text)
    readCommandReg                           0x00002ae1   Thumb Code    32  light.o(.text)
    readControlReg                           0x00002b01   Thumb Code    32  light.o(.text)
    .text                                    0x00002e2c   Section        0  acc.o(.text)
    getStatus                                0x00002e2d   Thumb Code    32  acc.o(.text)
    getModeControl                           0x00002e4d   Thumb Code    32  acc.o(.text)
    setModeControl                           0x00002e6d   Thumb Code    24  acc.o(.text)
    .text                                    0x000030a0   Section        0  rfid.o(.text)
    SPI0_Send                                0x000030c1   Thumb Code   106  rfid.o(.text)
    .text                                    0x000036f8   Section        0  spi_uart.o(.text)
    .text                                    0x00003fa4   Section        0  main.o(.text)
    clear_event                              0x000046bb   Thumb Code    12  main.o(.text)
    set_event                                0x000046c7   Thumb Code    12  main.o(.text)
    is_event                                 0x000046d3   Thumb Code    10  main.o(.text)
    get_current_dev_id                       0x000046dd   Thumb Code     6  main.o(.text)
    set_dev_id                               0x000046e3   Thumb Code    12  main.o(.text)
    .text                                    0x000047fc   Section        0  menu.o(.text)
    .text                                    0x000048c4   Section        0  led_spk_fan.o(.text)
    .text                                    0x00004c94   Section        0  lpc11c14_it.o(.text)
    .text                                    0x00004d74   Section        0  arm_system.o(.text)
    NVIC_SetPriority                         0x00004d75   Thumb Code   110  arm_system.o(.text)
    .text                                    0x00004fd8   Section        0  lsj_protocol.o(.text)
    clear_event                              0x000051fb   Thumb Code    12  lsj_protocol.o(.text)
    set_event                                0x00005207   Thumb Code    12  lsj_protocol.o(.text)
    .text                                    0x00005230   Section        0  vsnprintf.o(.text)
    .text                                    0x00005268   Section        0  __2snprintf.o(.text)
    .text                                    0x000052a4   Section        0  _printf_pad.o(.text)
    .text                                    0x000052f4   Section        0  _printf_dec.o(.text)
    .text                                    0x00005360   Section        0  _printf_hex_int_ll_ptr.o(.text)
    _printf_hex_common                       0x00005361   Thumb Code     0  _printf_hex_int_ll_ptr.o(.text)
    .text                                    0x000053f8   Section        0  __printf_flags_ss_wp.o(.text)
    .text                                    0x00005580   Section        0  strncmp.o(.text)
    .text                                    0x00005620   Section        0  rt_memclr.o(.text)
    .text                                    0x00005660   Section        0  strncpy.o(.text)
    .text                                    0x000056cc   Section      346  aeabi_sdiv.o(.text)
    .text                                    0x00005826   Section        0  _printf_truncate.o(.text)
    .text                                    0x0000584a   Section        0  _printf_str.o(.text)
    .text                                    0x0000589c   Section        0  _printf_intcommon.o(.text)
    .text                                    0x0000594c   Section        0  _printf_charcount.o(.text)
    .text                                    0x00005974   Section        0  _printf_char_common.o(.text)
    _printf_input_char                       0x00005975   Thumb Code    10  _printf_char_common.o(.text)
    .text                                    0x000059a4   Section        0  _snputc.o(.text)
    .text                                    0x000059b4   Section        0  _printf_char_file.o(.text)
    .text                                    0x000059dc   Section        0  _printf_wctomb.o(.text)
    .text                                    0x00005a98   Section        0  _printf_longlong_dec.o(.text)
    .text                                    0x00005b08   Section        0  _printf_oct_int_ll.o(.text)
    _printf_longlong_oct_internal            0x00005b09   Thumb Code     0  _printf_oct_int_ll.o(.text)
    .text                                    0x00005b78   Section        0  rtudiv10.o(.text)
    .text                                    0x00005ba0   Section        0  lludiv10.o(.text)
    .text                                    0x00005c1c   Section        0  _printf_fp_dec.o(.text)
    _fp_digits                               0x00005c1f   Thumb Code   408  _printf_fp_dec.o(.text)
    .text                                    0x00006030   Section        0  _printf_fp_hex.o(.text)
    .text                                    0x00006304   Section        0  _printf_char.o(.text)
    .text                                    0x00006332   Section        0  _printf_wchar.o(.text)
    .text                                    0x00006360   Section        0  _wcrtomb.o(.text)
    .text                                    0x000063a0   Section       62  sys_stackheap_outer.o(.text)
    .text                                    0x000063e0   Section       16  rt_ctype_table.o(.text)
    .text                                    0x000063f0   Section        8  rt_locale_intlibspace.o(.text)
    .text                                    0x000063f8   Section        0  _printf_fp_infnan.o(.text)
    .text                                    0x00006480   Section        0  bigflt0.o(.text)
    .text                                    0x00006548   Section        0  btod.o(.text)
    btod_internal_mul                        0x00006589   Thumb Code   456  btod.o(.text)
    btod_internal_div                        0x00006751   Thumb Code   494  btod.o(.text)
    .text                                    0x000069f0   Section        0  exit.o(.text)
    .text                                    0x000069fc   Section        8  libspace.o(.text)
    .text                                    0x00006a04   Section        0  strcmp.o(.text)
    i.__ARM_common_ll_muluu                  0x00006a8c   Section        0  btod.o(i.__ARM_common_ll_muluu)
    i.__ARM_common_switch8                   0x00006abc   Section        0  i2c.o(i.__ARM_common_switch8)
    i.__ARM_fpclassify                       0x00006ad8   Section        0  fpclassify.o(i.__ARM_fpclassify)
    i._is_digit                              0x00006b04   Section        0  __printf_wp.o(i._is_digit)
    locale$$code                             0x00006b14   Section       44  lc_numeric_c.o(locale$$code)
    locale$$code                             0x00006b40   Section       44  lc_ctype_c.o(locale$$code)
    x$fpl$printf1                            0x00006b6c   Section       16  printf1.o(x$fpl$printf1)
    x$fpl$printf2                            0x00006b7c   Section       16  printf2.o(x$fpl$printf2)
    .constdata                               0x00006b8c   Section       16  gpio.o(.constdata)
    x$fpl$usenofp                            0x00006b8c   Section        0  usenofp.o(x$fpl$usenofp)
    LPC_GPIO                                 0x00006b8c   Data          16  gpio.o(.constdata)
    .constdata                               0x00006b9c   Section       48  seg7led.o(.constdata)
    LPC_GPIO                                 0x00006b9c   Data          16  seg7led.o(.constdata)
    .constdata                               0x00006bcc   Section     1948  oled2864.o(.constdata)
    LPC_GPIO                                 0x00006bcc   Data          16  oled2864.o(.constdata)
    .constdata                               0x00007368   Section       84  rfid.o(.constdata)
    LPC_GPIO                                 0x00007368   Data          16  rfid.o(.constdata)
    .constdata                               0x000073bc   Section       40  _printf_hex_int_ll_ptr.o(.constdata)
    uc_hextab                                0x000073bc   Data          20  _printf_hex_int_ll_ptr.o(.constdata)
    lc_hextab                                0x000073d0   Data          20  _printf_hex_int_ll_ptr.o(.constdata)
    .constdata                               0x000073e4   Section       17  __printf_flags_ss_wp.o(.constdata)
    maptable                                 0x000073e4   Data          17  __printf_flags_ss_wp.o(.constdata)
    .constdata                               0x000073f8   Section        8  _printf_wctomb.o(.constdata)
    initial_mbstate                          0x000073f8   Data           8  _printf_wctomb.o(.constdata)
    .constdata                               0x00007400   Section       38  _printf_fp_hex.o(.constdata)
    lc_hextab                                0x00007400   Data          19  _printf_fp_hex.o(.constdata)
    uc_hextab                                0x00007413   Data          19  _printf_fp_hex.o(.constdata)
    .constdata                               0x00007428   Section      148  bigflt0.o(.constdata)
    tenpwrs_x                                0x00007428   Data          60  bigflt0.o(.constdata)
    tenpwrs_i                                0x00007464   Data          64  bigflt0.o(.constdata)
    .conststring                             0x000074bc   Section        8  lsj_protocol.o(.conststring)
    locale$$data                             0x000074e4   Section       28  lc_numeric_c.o(locale$$data)
    __lcnum_c_name                           0x000074e8   Data           2  lc_numeric_c.o(locale$$data)
    __lcnum_c_start                          0x000074f0   Data           0  lc_numeric_c.o(locale$$data)
    __lcnum_c_point                          0x000074fc   Data           0  lc_numeric_c.o(locale$$data)
    __lcnum_c_thousands                      0x000074fe   Data           0  lc_numeric_c.o(locale$$data)
    __lcnum_c_grouping                       0x000074ff   Data           0  lc_numeric_c.o(locale$$data)
    locale$$data                             0x00007500   Section      272  lc_ctype_c.o(locale$$data)
    __lcnum_c_end                            0x00007500   Data           0  lc_numeric_c.o(locale$$data)
    __lcctype_c_name                         0x00007504   Data           2  lc_ctype_c.o(locale$$data)
    __lcctype_c_start                        0x0000750c   Data           0  lc_ctype_c.o(locale$$data)
    __lcctype_c_end                          0x00007610   Data           0  lc_ctype_c.o(locale$$data)
    .data                                    0x10000000   Section       12  system_lpc11xx.o(.data)
    .data                                    0x1000000c   Section       16  uart.o(.data)
    .data                                    0x1000001c   Section        8  retarget.o(.data)
    .data                                    0x10000024   Section       24  timer32.o(.data)
    .data                                    0x1000003c   Section       24  ssp.o(.data)
    .data                                    0x10000054   Section       41  i2c.o(.data)
    I2CMasterState                           0x10000054   Data           4  i2c.o(.data)
    I2CSlaveState                            0x10000058   Data           4  i2c.o(.data)
    I2CMode                                  0x1000005c   Data           4  i2c.o(.data)
    I2CCount                                 0x10000060   Data           4  i2c.o(.data)
    I2CMasterBuffer                          0x10000064   Data           4  i2c.o(.data)
    I2CSlaveBuffer                           0x10000068   Data           4  i2c.o(.data)
    I2CReadLength                            0x1000006c   Data           4  i2c.o(.data)
    I2CWriteLength                           0x10000070   Data           4  i2c.o(.data)
    RdIndex                                  0x10000074   Data           4  i2c.o(.data)
    WrIndex                                  0x10000078   Data           4  i2c.o(.data)
    I2CAddr                                  0x1000007c   Data           1  i2c.o(.data)
    .data                                    0x10000080   Section       12  can.o(.data)
    .data                                    0x1000008c   Section        8  light.o(.data)
    range                                    0x1000008c   Data           4  light.o(.data)
    width                                    0x10000090   Data           4  light.o(.data)
    .data                                    0x10000094   Section        8  spi_uart.o(.data)
    .data                                    0x1000009c   Section        7  main.o(.data)
    x                                        0x1000009c   Data           1  main.o(.data)
    y                                        0x1000009d   Data           1  main.o(.data)
    z                                        0x1000009e   Data           1  main.o(.data)
    x_                                       0x1000009f   Data           1  main.o(.data)
    y_                                       0x100000a0   Data           1  main.o(.data)
    z_                                       0x100000a1   Data           1  main.o(.data)
    i                                        0x100000a2   Data           1  main.o(.data)
    .data                                    0x100000a4   Section        8  led_spk_fan.o(.data)
    .data                                    0x100000ac   Section       40  lpc11c14_it.o(.data)
    .data                                    0x100000d4   Section        4  event.o(.data)
    .data                                    0x100000d8   Section        5  arm_system.o(.data)
    Tick                                     0x100000d8   Data           4  arm_system.o(.data)
    cnt                                      0x100000dc   Data           1  arm_system.o(.data)
    .data                                    0x100000e0   Section       17  lsj_protocol.o(.data)
    has_read                                 0x100000ec   Data           4  lsj_protocol.o(.data)
    i                                        0x100000f0   Data           1  lsj_protocol.o(.data)
    .bss                                     0x100000f4   Section       64  uart.o(.bss)
    .bss                                     0x10000134   Section      896  can.o(.bss)
    .bss                                     0x100004b4   Section      256  spi_uart.o(.bss)
    .bss                                     0x100005b4   Section       76  lsj_protocol.o(.bss)
    .bss                                     0x10000600   Section       96  libspace.o(.bss)
    HEAP                                     0x10000660   Section        0  startup_lpc11xx.o(HEAP)
    STACK                                    0x10000660   Section      512  startup_lpc11xx.o(STACK)
    Heap_Mem                                 0x10000660   Data           0  startup_lpc11xx.o(HEAP)
    Stack_Mem                                0x10000660   Data         512  startup_lpc11xx.o(STACK)
    __initial_sp                             0x10000860   Data           0  startup_lpc11xx.o(STACK)

    Global Symbols

    Symbol Name                              Value     Ov Type        Size  Object(Section)

    BuildAttributes$$THM_ISAv3M$S$PE$A:L22$X:L11$S22$IEEE1$IW$USESV6$~STKCKD$USESV7$~SHL$OTIME$ROPI$IEEEJ$EBA8$UX$STANDARDLIB$REQ8$PRES8$EABIv2 0x00000000   Number         0  anon$$obj.o ABSOLUTE
    __ARM_use_no_argv                        0x00000000   Number         0  main.o ABSOLUTE
    __Vectors                                0x00000000   Data           4  startup_lpc11xx.o(RESET)
    _printf_flags                            0x00000000   Number         0  printf_stubs.o ABSOLUTE
    _printf_return_value                     0x00000000   Number         0  printf_stubs.o ABSOLUTE
    _printf_sizespec                         0x00000000   Number         0  printf_stubs.o ABSOLUTE
    _printf_widthprec                        0x00000000   Number         0  printf_stubs.o ABSOLUTE
    __ARM_exceptions_init                     - Undefined Weak Reference
    __alloca_initialize                       - Undefined Weak Reference
    __arm_preinit_                            - Undefined Weak Reference
    __cpp_initialize__aeabi_                  - Undefined Weak Reference
    __cxa_finalize                            - Undefined Weak Reference
    __sigvec_lookup                           - Undefined Weak Reference
    _atexit_init                              - Undefined Weak Reference
    _call_atexit_fns                          - Undefined Weak Reference
    _clock_init                               - Undefined Weak Reference
    _fp_trap_init                             - Undefined Weak Reference
    _fp_trap_shutdown                         - Undefined Weak Reference
    _get_lc_collate                           - Undefined Weak Reference
    _get_lc_monetary                          - Undefined Weak Reference
    _get_lc_time                              - Undefined Weak Reference
    _getenv_init                              - Undefined Weak Reference
    _handle_redirection                       - Undefined Weak Reference
    _init_alloc                               - Undefined Weak Reference
    _init_user_alloc                          - Undefined Weak Reference
    _initio                                   - Undefined Weak Reference
    _printf_mbtowc                            - Undefined Weak Reference
    _printf_wc                                - Undefined Weak Reference
    _rand_init                                - Undefined Weak Reference
    _signal_finish                            - Undefined Weak Reference
    _signal_init                              - Undefined Weak Reference
    _terminate_alloc                          - Undefined Weak Reference
    _terminate_user_alloc                     - Undefined Weak Reference
    _terminateio                              - Undefined Weak Reference
    __main                                   0x000000c1   Thumb Code     8  __main.o(!!!main)
    __scatterload                            0x000000c9   Thumb Code     0  __scatter.o(!!!scatter)
    __scatterload_rt2                        0x000000c9   Thumb Code    52  __scatter.o(!!!scatter)
    __scatterload_rt2_thumb_only             0x000000c9   Thumb Code     0  __scatter.o(!!!scatter)
    __scatterload_null                       0x000000d9   Thumb Code     0  __scatter.o(!!!scatter)
    __scatterload_copy                       0x00000105   Thumb Code    26  __scatter_copy.o(!!handler_copy)
    __scatterload_zeroinit                   0x00000121   Thumb Code    28  __scatter_zi.o(!!handler_zi)
    _printf_percent                          0x0000013d   Thumb Code     0  _printf_percent.o(.ARM.Collect$$_printf_percent$$00000000)
    _printf_n                                0x0000013f   Thumb Code     0  _printf_n.o(.ARM.Collect$$_printf_percent$$00000001)
    _printf_p                                0x00000149   Thumb Code     0  _printf_p.o(.ARM.Collect$$_printf_percent$$00000002)
    _printf_f                                0x00000153   Thumb Code     0  _printf_f.o(.ARM.Collect$$_printf_percent$$00000003)
    _printf_e                                0x0000015d   Thumb Code     0  _printf_e.o(.ARM.Collect$$_printf_percent$$00000004)
    _printf_g                                0x00000167   Thumb Code     0  _printf_g.o(.ARM.Collect$$_printf_percent$$00000005)
    _printf_a                                0x00000171   Thumb Code     0  _printf_a.o(.ARM.Collect$$_printf_percent$$00000006)
    _printf_ll                               0x0000017b   Thumb Code     0  _printf_ll.o(.ARM.Collect$$_printf_percent$$00000007)
    _printf_i                                0x00000185   Thumb Code     0  _printf_i.o(.ARM.Collect$$_printf_percent$$00000008)
    _printf_d                                0x0000018f   Thumb Code     0  _printf_d.o(.ARM.Collect$$_printf_percent$$00000009)
    _printf_u                                0x00000199   Thumb Code     0  _printf_u.o(.ARM.Collect$$_printf_percent$$0000000A)
    _printf_o                                0x000001a3   Thumb Code     0  _printf_o.o(.ARM.Collect$$_printf_percent$$0000000B)
    _printf_x                                0x000001ad   Thumb Code     0  _printf_x.o(.ARM.Collect$$_printf_percent$$0000000C)
    _printf_lli                              0x000001b7   Thumb Code     0  _printf_lli.o(.ARM.Collect$$_printf_percent$$0000000D)
    _printf_lld                              0x000001c1   Thumb Code     0  _printf_lld.o(.ARM.Collect$$_printf_percent$$0000000E)
    _printf_llu                              0x000001cb   Thumb Code     0  _printf_llu.o(.ARM.Collect$$_printf_percent$$0000000F)
    _printf_llo                              0x000001d5   Thumb Code     0  _printf_llo.o(.ARM.Collect$$_printf_percent$$00000010)
    _printf_llx                              0x000001df   Thumb Code     0  _printf_llx.o(.ARM.Collect$$_printf_percent$$00000011)
    _printf_l                                0x000001e9   Thumb Code     0  _printf_l.o(.ARM.Collect$$_printf_percent$$00000012)
    _printf_c                                0x000001f3   Thumb Code     0  _printf_c.o(.ARM.Collect$$_printf_percent$$00000013)
    _printf_s                                0x000001fd   Thumb Code     0  _printf_s.o(.ARM.Collect$$_printf_percent$$00000014)
    _printf_lc                               0x00000207   Thumb Code     0  _printf_lc.o(.ARM.Collect$$_printf_percent$$00000015)
    _printf_ls                               0x00000211   Thumb Code     0  _printf_ls.o(.ARM.Collect$$_printf_percent$$00000016)
    _printf_percent_end                      0x0000021b   Thumb Code     0  _printf_percent_end.o(.ARM.Collect$$_printf_percent$$00000017)
    __rt_lib_init                            0x0000021f   Thumb Code     0  libinit.o(.ARM.Collect$$libinit$$00000000)
    __rt_lib_init_fp_1                       0x00000221   Thumb Code     0  libinit2.o(.ARM.Collect$$libinit$$00000002)
    __rt_lib_init_heap_1                     0x00000221   Thumb Code     0  libinit2.o(.ARM.Collect$$libinit$$0000000A)
    __rt_lib_init_lc_common                  0x00000221   Thumb Code     0  libinit2.o(.ARM.Collect$$libinit$$0000000F)
    __rt_lib_init_preinit_1                  0x00000221   Thumb Code     0  libinit2.o(.ARM.Collect$$libinit$$00000004)
    __rt_lib_init_rand_1                     0x00000221   Thumb Code     0  libinit2.o(.ARM.Collect$$libinit$$0000000E)
    __rt_lib_init_user_alloc_1               0x00000221   Thumb Code     0  libinit2.o(.ARM.Collect$$libinit$$0000000C)
    __rt_lib_init_lc_collate_1               0x00000227   Thumb Code     0  libinit2.o(.ARM.Collect$$libinit$$00000011)
    __rt_lib_init_lc_ctype_2                 0x00000227   Thumb Code     0  libinit2.o(.ARM.Collect$$libinit$$00000012)
    __rt_lib_init_lc_ctype_1                 0x00000233   Thumb Code     0  libinit2.o(.ARM.Collect$$libinit$$00000013)
    __rt_lib_init_lc_monetary_1              0x00000233   Thumb Code     0  libinit2.o(.ARM.Collect$$libinit$$00000015)
    __rt_lib_init_lc_numeric_2               0x00000233   Thumb Code     0  libinit2.o(.ARM.Collect$$libinit$$00000016)
    __rt_lib_init_alloca_1                   0x0000023d   Thumb Code     0  libinit2.o(.ARM.Collect$$libinit$$0000002E)
    __rt_lib_init_argv_1                     0x0000023d   Thumb Code     0  libinit2.o(.ARM.Collect$$libinit$$0000002C)
    __rt_lib_init_atexit_1                   0x0000023d   Thumb Code     0  libinit2.o(.ARM.Collect$$libinit$$0000001B)
    __rt_lib_init_clock_1                    0x0000023d   Thumb Code     0  libinit2.o(.ARM.Collect$$libinit$$00000021)
    __rt_lib_init_cpp_1                      0x0000023d   Thumb Code     0  libinit2.o(.ARM.Collect$$libinit$$00000032)
    __rt_lib_init_exceptions_1               0x0000023d   Thumb Code     0  libinit2.o(.ARM.Collect$$libinit$$00000030)
    __rt_lib_init_fp_trap_1                  0x0000023d   Thumb Code     0  libinit2.o(.ARM.Collect$$libinit$$0000001F)
    __rt_lib_init_getenv_1                   0x0000023d   Thumb Code     0  libinit2.o(.ARM.Collect$$libinit$$00000023)
    __rt_lib_init_lc_numeric_1               0x0000023d   Thumb Code     0  libinit2.o(.ARM.Collect$$libinit$$00000017)
    __rt_lib_init_lc_time_1                  0x0000023d   Thumb Code     0  libinit2.o(.ARM.Collect$$libinit$$00000019)
    __rt_lib_init_return                     0x0000023d   Thumb Code     0  libinit2.o(.ARM.Collect$$libinit$$00000033)
    __rt_lib_init_signal_1                   0x0000023d   Thumb Code     0  libinit2.o(.ARM.Collect$$libinit$$0000001D)
    __rt_lib_init_stdio_1                    0x0000023d   Thumb Code     0  libinit2.o(.ARM.Collect$$libinit$$00000025)
    __rt_lib_shutdown                        0x0000023f   Thumb Code     0  libshutdown.o(.ARM.Collect$$libshutdown$$00000000)
    __rt_lib_shutdown_fp_trap_1              0x00000241   Thumb Code     0  libshutdown2.o(.ARM.Collect$$libshutdown$$00000006)
    __rt_lib_shutdown_heap_1                 0x00000241   Thumb Code     0  libshutdown2.o(.ARM.Collect$$libshutdown$$0000000E)
    __rt_lib_shutdown_return                 0x00000241   Thumb Code     0  libshutdown2.o(.ARM.Collect$$libshutdown$$0000000F)
    __rt_lib_shutdown_signal_1               0x00000241   Thumb Code     0  libshutdown2.o(.ARM.Collect$$libshutdown$$00000009)
    __rt_lib_shutdown_stdio_1                0x00000241   Thumb Code     0  libshutdown2.o(.ARM.Collect$$libshutdown$$00000003)
    __rt_lib_shutdown_user_alloc_1           0x00000241   Thumb Code     0  libshutdown2.o(.ARM.Collect$$libshutdown$$0000000B)
    __rt_entry                               0x00000243   Thumb Code     0  __rtentry.o(.ARM.Collect$$rtentry$$00000000)
    __rt_entry_presh_1                       0x00000243   Thumb Code     0  __rtentry2.o(.ARM.Collect$$rtentry$$00000002)
    __rt_entry_sh                            0x00000243   Thumb Code     0  __rtentry4.o(.ARM.Collect$$rtentry$$00000004)
    __rt_entry_li                            0x00000249   Thumb Code     0  __rtentry2.o(.ARM.Collect$$rtentry$$0000000A)
    __rt_entry_postsh_1                      0x00000249   Thumb Code     0  __rtentry2.o(.ARM.Collect$$rtentry$$00000009)
    __rt_entry_main                          0x0000024d   Thumb Code     0  __rtentry2.o(.ARM.Collect$$rtentry$$0000000D)
    __rt_entry_postli_1                      0x0000024d   Thumb Code     0  __rtentry2.o(.ARM.Collect$$rtentry$$0000000C)
    __rt_exit                                0x00000255   Thumb Code     0  rtexit.o(.ARM.Collect$$rtexit$$00000000)
    __rt_exit_ls                             0x00000257   Thumb Code     0  rtexit2.o(.ARM.Collect$$rtexit$$00000003)
    __rt_exit_prels_1                        0x00000257   Thumb Code     0  rtexit2.o(.ARM.Collect$$rtexit$$00000002)
    __rt_exit_exit                           0x0000025b   Thumb Code     0  rtexit2.o(.ARM.Collect$$rtexit$$00000004)
    __aeabi_memcpy4                          0x00000261   Thumb Code    56  rt_memcpy.o(.emb_text)
    __aeabi_memcpy8                          0x00000261   Thumb Code     0  rt_memcpy.o(.emb_text)
    Reset_Handler                            0x00000299   Thumb Code     4  startup_lpc11xx.o(.text)
    NMI_Handler                              0x0000029d   Thumb Code     2  startup_lpc11xx.o(.text)
    HardFault_Handler                        0x0000029f   Thumb Code     2  startup_lpc11xx.o(.text)
    MemManage_Handler                        0x000002a1   Thumb Code     2  startup_lpc11xx.o(.text)
    BusFault_Handler                         0x000002a3   Thumb Code     2  startup_lpc11xx.o(.text)
    UsageFault_Handler                       0x000002a5   Thumb Code     2  startup_lpc11xx.o(.text)
    SVC_Handler                              0x000002a7   Thumb Code     2  startup_lpc11xx.o(.text)
    DebugMon_Handler                         0x000002a9   Thumb Code     2  startup_lpc11xx.o(.text)
    PendSV_Handler                           0x000002ab   Thumb Code     2  startup_lpc11xx.o(.text)
    ADC_IRQHandler                           0x000002af   Thumb Code     0  startup_lpc11xx.o(.text)
    BOD_IRQHandler                           0x000002af   Thumb Code     0  startup_lpc11xx.o(.text)
    FMC_IRQHandler                           0x000002af   Thumb Code     0  startup_lpc11xx.o(.text)
    TIMER16_0_IRQHandler                     0x000002af   Thumb Code     0  startup_lpc11xx.o(.text)
    TIMER16_1_IRQHandler                     0x000002af   Thumb Code     0  startup_lpc11xx.o(.text)
    USB_FIQHandler                           0x000002af   Thumb Code     0  startup_lpc11xx.o(.text)
    USB_IRQHandler                           0x000002af   Thumb Code     0  startup_lpc11xx.o(.text)
    WAKEUP_IRQHandler                        0x000002af   Thumb Code     0  startup_lpc11xx.o(.text)
    WDT_IRQHandler                           0x000002af   Thumb Code     0  startup_lpc11xx.o(.text)
    __user_initial_stackheap                 0x000002b1   Thumb Code     0  startup_lpc11xx.o(.text)
    __I$use$semihosting                      0x000002cd   Thumb Code     0  use_no_semi.o(.text)
    __use_no_semihosting_swi                 0x000002cd   Thumb Code     2  use_no_semi.o(.text)
    __2printf                                0x000002d1   Thumb Code    22  __2printf.o(.text)
    __use_two_region_memory                  0x000002ed   Thumb Code     2  heapauxi.o(.text)
    __rt_heap_escrow$2region                 0x000002ef   Thumb Code     2  heapauxi.o(.text)
    __rt_heap_expand$2region                 0x000002f1   Thumb Code     2  heapauxi.o(.text)
    _sputc                                   0x000002f3   Thumb Code    10  _sputc.o(.text)
    Main_PLL_Setup                           0x00000301   Thumb Code   142  system_lpc11xx.o(.text)
    SystemInit                               0x0000038f   Thumb Code    60  system_lpc11xx.o(.text)
    WDT_CLK_Setup                            0x000003e5   Thumb Code    66  clkconfig.o(.text)
    CLKOUT_Setup                             0x00000427   Thumb Code    48  clkconfig.o(.text)
    GPIOInit                                 0x00000461   Thumb Code    40  gpio.o(.text)
    GPIOSetInterrupt                         0x00000489   Thumb Code   446  gpio.o(.text)
    GPIOIntEnable                            0x00000647   Thumb Code    88  gpio.o(.text)
    GPIOIntDisable                           0x0000069f   Thumb Code    88  gpio.o(.text)
    GPIOIntStatus                            0x000006f7   Thumb Code   102  gpio.o(.text)
    GPIOIntClear                             0x0000075d   Thumb Code    88  gpio.o(.text)
    GPIOSetValue                             0x000007b5   Thumb Code    22  gpio.o(.text)
    GPIOGetValue                             0x000007cb   Thumb Code    18  gpio.o(.text)
    GPIOSetDir                               0x000007dd   Thumb Code    78  gpio.o(.text)
    UART_IRQHandler                          0x00000855   Thumb Code   186  uart.o(.text)
    UARTInit                                 0x0000090f   Thumb Code   200  uart.o(.text)
    UARTSend                                 0x000009d7   Thumb Code    32  uart.o(.text)
    UART0_PutChar                            0x000009f7   Thumb Code    20  uart.o(.text)
    UART0_PutString                          0x00000a0b   Thumb Code    22  uart.o(.text)
    UART0_printf                             0x00000a21   Thumb Code    40  uart.o(.text)
    UART0_GetChar                            0x00000a49   Thumb Code    54  uart.o(.text)
    PutCh                                    0x00000aa9   Thumb Code    20  retarget.o(.text)
    fputc                                    0x00000abd   Thumb Code    14  retarget.o(.text)
    GetCh                                    0x00000acb   Thumb Code    34  retarget.o(.text)
    fgetc                                    0x00000aed   Thumb Code    16  retarget.o(.text)
    _ttywrch                                 0x00000afd   Thumb Code    12  retarget.o(.text)
    ferror                                   0x00000b09   Thumb Code     8  retarget.o(.text)
    _sys_exit                                0x00000b11   Thumb Code     4  retarget.o(.text)
    GetCh_NoIRQ                              0x00000b15   Thumb Code    20  retarget.o(.text)
    delay32Ms                                0x00000b35   Thumb Code   126  timer32.o(.text)
    TIMER32_0_IRQHandler                     0x00000bb3   Thumb Code    58  timer32.o(.text)
    TIMER32_1_IRQHandler                     0x00000bed   Thumb Code    58  timer32.o(.text)
    enable_timer32                           0x00000c27   Thumb Code    20  timer32.o(.text)
    disable_timer32                          0x00000c3b   Thumb Code    20  timer32.o(.text)
    reset_timer32                            0x00000c4f   Thumb Code    34  timer32.o(.text)
    init_timer32                             0x00000c71   Thumb Code   226  timer32.o(.text)
    init_timer32_a1                          0x00000d53   Thumb Code    88  timer32.o(.text)
    init_timer32PWM                          0x00000dab   Thumb Code   450  timer32.o(.text)
    setMatch_timer32PWM                      0x00000f6d   Thumb Code    98  timer32.o(.text)
    SSP0_IRQHandler                          0x00000fe9   Thumb Code    72  ssp.o(.text)
    SSP1_IRQHandler                          0x00001031   Thumb Code    72  ssp.o(.text)
    SSP_IOConfig                             0x00001079   Thumb Code   324  ssp.o(.text)
    SPI_IOConfig                             0x000011bd   Thumb Code   392  ssp.o(.text)
    SSP_Init                                 0x00001345   Thumb Code   102  ssp.o(.text)
    SPI_Init                                 0x000013ab   Thumb Code   170  ssp.o(.text)
    SSP_Send                                 0x00001455   Thumb Code   106  ssp.o(.text)
    SSP_Receive                              0x000014bf   Thumb Code    76  ssp.o(.text)
    SPI_PutGet                               0x0000150b   Thumb Code   114  ssp.o(.text)
    I2C_IRQHandler                           0x00001599   Thumb Code   398  i2c.o(.text)
    I2CStart                                 0x00001727   Thumb Code    42  i2c.o(.text)
    I2CStop                                  0x00001751   Thumb Code    30  i2c.o(.text)
    I2CInit                                  0x0000176f   Thumb Code   122  i2c.o(.text)
    I2CEngine                                0x000017e9   Thumb Code    56  i2c.o(.text)
    I2CRead                                  0x00001821   Thumb Code    44  i2c.o(.text)
    I2CWrite                                 0x0000184d   Thumb Code    40  i2c.o(.text)
    CAN_MessageProcess                       0x000018a5   Thumb Code   132  can.o(.text)
    CAN_IRQHandler                           0x00001929   Thumb Code   130  can.o(.text)
    CAN_ConfigureMessages                    0x000019ab   Thumb Code   192  can.o(.text)
    CAN_Init                                 0x00001a6b   Thumb Code   168  can.o(.text)
    CAN_Send                                 0x00001b13   Thumb Code   184  can.o(.text)
    delay_ms                                 0x00001c0d   Thumb Code   140  tools.o(.text)
    KEY_Init                                 0x00001ca1   Thumb Code    64  key.o(.text)
    KEY_Read                                 0x00001ce1   Thumb Code   102  key.o(.text)
    Seg7Led_Init                             0x00001d49   Thumb Code    54  seg7led.o(.text)
    Seg7Led_Put                              0x00001d7f   Thumb Code    86  seg7led.o(.text)
    uDelay                                   0x00001dd9   Thumb Code    14  oled2864.o(.text)
    Delay                                    0x00001de7   Thumb Code    48  oled2864.o(.text)
    Write_Command                            0x00001e17   Thumb Code    54  oled2864.o(.text)
    Write_Data                               0x00001e4d   Thumb Code    54  oled2864.o(.text)
    Set_Start_Column                         0x00001e83   Thumb Code    44  oled2864.o(.text)
    Set_Addressing_Mode                      0x00001eaf   Thumb Code    18  oled2864.o(.text)
    Set_Column_Address                       0x00001ec1   Thumb Code    26  oled2864.o(.text)
    Set_Page_Address                         0x00001edb   Thumb Code    26  oled2864.o(.text)
    Set_Start_Line                           0x00001ef5   Thumb Code    16  oled2864.o(.text)
    Set_Contrast_Control                     0x00001f05   Thumb Code    18  oled2864.o(.text)
    Set_Charge_Pump                          0x00001f17   Thumb Code    22  oled2864.o(.text)
    Set_Segment_Remap                        0x00001f2d   Thumb Code    16  oled2864.o(.text)
    Set_Entire_Display                       0x00001f3d   Thumb Code    16  oled2864.o(.text)
    Set_Inverse_Display                      0x00001f4d   Thumb Code    16  oled2864.o(.text)
    Set_Multiplex_Ratio                      0x00001f5d   Thumb Code    18  oled2864.o(.text)
    Set_Display_On_Off                       0x00001f6f   Thumb Code    16  oled2864.o(.text)
    Set_Start_Page                           0x00001f7f   Thumb Code    16  oled2864.o(.text)
    Set_Common_Remap                         0x00001f8f   Thumb Code    16  oled2864.o(.text)
    Set_Display_Offset                       0x00001f9f   Thumb Code    18  oled2864.o(.text)
    Set_Display_Clock                        0x00001fb1   Thumb Code    18  oled2864.o(.text)
    Set_Precharge_Period                     0x00001fc3   Thumb Code    18  oled2864.o(.text)
    Set_Common_Config                        0x00001fd5   Thumb Code    22  oled2864.o(.text)
    Set_VCOMH                                0x00001feb   Thumb Code    18  oled2864.o(.text)
    Set_NOP                                  0x00001ffd   Thumb Code    10  oled2864.o(.text)
    Fill_RAM                                 0x00002007   Thumb Code    48  oled2864.o(.text)
    OLED_ClearScreen                         0x00002037   Thumb Code    10  oled2864.o(.text)
    Fill_Block                               0x00002041   Thumb Code    68  oled2864.o(.text)
    Checkerboard                             0x00002085   Thumb Code    52  oled2864.o(.text)
    Frame                                    0x000020b9   Thumb Code   108  oled2864.o(.text)
    Show_Font57                              0x00002125   Thumb Code    84  oled2864.o(.text)
    Show_String                              0x00002179   Thumb Code    60  oled2864.o(.text)
    Show_Pattern                             0x000021b5   Thumb Code    78  oled2864.o(.text)
    OLED_DisChar                             0x00002203   Thumb Code   120  oled2864.o(.text)
    OLED_DisStrLine                          0x0000227b   Thumb Code    68  oled2864.o(.text)
    Vertical_Scroll                          0x000022bf   Thumb Code   124  oled2864.o(.text)
    Horizontal_Scroll                        0x0000233b   Thumb Code    58  oled2864.o(.text)
    Continuous_Scroll                        0x00002375   Thumb Code    82  oled2864.o(.text)
    Deactivate_Scroll                        0x000023c7   Thumb Code    10  oled2864.o(.text)
    Fade_In                                  0x000023d1   Thumb Code    44  oled2864.o(.text)
    Fade_Out                                 0x000023fd   Thumb Code    46  oled2864.o(.text)
    Sleep                                    0x0000242b   Thumb Code    46  oled2864.o(.text)
    Test                                     0x00002459   Thumb Code    34  oled2864.o(.text)
    OLED_Init_E                              0x0000247b   Thumb Code   106  oled2864.o(.text)
    OLED_Init_I                              0x000024e5   Thumb Code   126  oled2864.o(.text)
    OLED_Test                                0x00002563   Thumb Code   372  oled2864.o(.text)
    Read_Temp_Hum                            0x000026e9   Thumb Code   470  temp_hum.o(.text)
    Temp_Hum_Test                            0x000028bf   Thumb Code   338  temp_hum.o(.text)
    light_init                               0x00002b21   Thumb Code     2  light.o(.text)
    light_enable                             0x00002b23   Thumb Code    38  light.o(.text)
    light_read                               0x00002b49   Thumb Code    86  light.o(.text)
    light_setMode                            0x00002b9f   Thumb Code    44  light.o(.text)
    light_setWidth                           0x00002bcb   Thumb Code    98  light.o(.text)
    light_setRange                           0x00002c2d   Thumb Code    96  light.o(.text)
    light_setHiThreshold                     0x00002c8d   Thumb Code    50  light.o(.text)
    light_setLoThreshold                     0x00002cbf   Thumb Code    50  light.o(.text)
    light_setIrqInCycles                     0x00002cf1   Thumb Code    44  light.o(.text)
    light_getIrqStatus                       0x00002d1d   Thumb Code    16  light.o(.text)
    light_clearIrqStatus                     0x00002d2d   Thumb Code    36  light.o(.text)
    light_shutdown                           0x00002d51   Thumb Code    58  light.o(.text)
    Light_Test                               0x00002d8b   Thumb Code   108  light.o(.text)
    acc_init                                 0x00002e85   Thumb Code    10  acc.o(.text)
    acc_read                                 0x00002e8f   Thumb Code   120  acc.o(.text)
    acc_setRange                             0x00002f07   Thumb Code    34  acc.o(.text)
    acc_setMode                              0x00002f29   Thumb Code    30  acc.o(.text)
    Axis3_Test                               0x00002f47   Thumb Code   256  acc.o(.text)
    RFID_CheckSum                            0x000030a1   Thumb Code    32  rfid.o(.text)
    RFID_Operate                             0x0000312b   Thumb Code   254  rfid.o(.text)
    RFID_Test                                0x00003229   Thumb Code  1202  rfid.o(.text)
    SPI752_RegRead                           0x000036f9   Thumb Code    58  spi_uart.o(.text)
    ZigBee_IRQ_Process                       0x00003733   Thumb Code   140  spi_uart.o(.text)
    SPI752_RegWrite                          0x000037bf   Thumb Code    52  spi_uart.o(.text)
    SPI752_Init                              0x000037f3   Thumb Code   218  spi_uart.o(.text)
    SPI752_PutChar                           0x000038cd   Thumb Code    36  spi_uart.o(.text)
    RS485_PutChar                            0x000038f1   Thumb Code    14  spi_uart.o(.text)
    RS485_PutString                          0x000038ff   Thumb Code    24  spi_uart.o(.text)
    ZigBee_PutChar                           0x00003917   Thumb Code    14  spi_uart.o(.text)
    ZigBee_PutString                         0x00003925   Thumb Code    24  spi_uart.o(.text)
    ZigBee_Put                               0x0000393d   Thumb Code    28  spi_uart.o(.text)
    SPI752_GetChar                           0x00003959   Thumb Code   106  spi_uart.o(.text)
    RS485_GetChar                            0x000039c3   Thumb Code    14  spi_uart.o(.text)
    ZigBee_GetChar                           0x000039d1   Thumb Code    14  spi_uart.o(.text)
    ZigBee_Test                              0x000039df   Thumb Code   702  spi_uart.o(.text)
    RS485_Test                               0x00003c9d   Thumb Code   552  spi_uart.o(.text)
    test_axis                                0x00003fa5   Thumb Code   272  main.o(.text)
    process_conn_client                      0x000040b5   Thumb Code  1520  main.o(.text)
    main                                     0x000046a5   Thumb Code    22  main.o(.text)
    Dis_Menu                                 0x000047fd   Thumb Code   200  menu.o(.text)
    speaker_op                               0x000048c5   Thumb Code    50  led_spk_fan.o(.text)
    LED_Test                                 0x000048f7   Thumb Code   282  led_spk_fan.o(.text)
    Speaker_Test                             0x00004a11   Thumb Code   254  led_spk_fan.o(.text)
    Fan_Test                                 0x00004b0f   Thumb Code   262  led_spk_fan.o(.text)
    PIOINT0_IRQHandler                       0x00004c95   Thumb Code    46  lpc11c14_it.o(.text)
    PIOINT1_IRQHandler                       0x00004cc3   Thumb Code    84  lpc11c14_it.o(.text)
    PIOINT2_IRQHandler                       0x00004d17   Thumb Code    34  lpc11c14_it.o(.text)
    PIOINT3_IRQHandler                       0x00004d39   Thumb Code    28  lpc11c14_it.o(.text)
    arm_sys_init                             0x00004de3   Thumb Code   364  arm_system.o(.text)
    SysTick_Handler                          0x00004f4f   Thumb Code    86  arm_system.o(.text)
    set_CRC16                                0x00004fd9   Thumb Code     2  lsj_protocol.o(.text)
    is_CRC16                                 0x00004fdb   Thumb Code     6  lsj_protocol.o(.text)
    set_dev_mac                              0x00004fe1   Thumb Code    32  lsj_protocol.o(.text)
    is_dev_mac                               0x00005001   Thumb Code    28  lsj_protocol.o(.text)
    send_protocol                            0x0000501d   Thumb Code    24  lsj_protocol.o(.text)
    get_protocol                             0x00005035   Thumb Code    52  lsj_protocol.o(.text)
    set_sensor                               0x00005069   Thumb Code    84  lsj_protocol.o(.text)
    set_rfid                                 0x000050bd   Thumb Code    80  lsj_protocol.o(.text)
    set_current_dev_ctrl                     0x0000510d   Thumb Code   238  lsj_protocol.o(.text)
    vsnprintf                                0x00005231   Thumb Code    50  vsnprintf.o(.text)
    __2snprintf                              0x00005269   Thumb Code    54  __2snprintf.o(.text)
    _printf_pre_padding                      0x000052a5   Thumb Code    44  _printf_pad.o(.text)
    _printf_post_padding                     0x000052d1   Thumb Code    34  _printf_pad.o(.text)
    _printf_int_dec                          0x000052f5   Thumb Code    90  _printf_dec.o(.text)
    _printf_longlong_hex                     0x00005361   Thumb Code    88  _printf_hex_int_ll_ptr.o(.text)
    _printf_int_hex                          0x000053b9   Thumb Code    28  _printf_hex_int_ll_ptr.o(.text)
    _printf_ll_hex                           0x000053d5   Thumb Code    10  _printf_hex_int_ll_ptr.o(.text)
    _printf_hex_ptr                          0x000053df   Thumb Code    22  _printf_hex_int_ll_ptr.o(.text)
    __printf                                 0x000053f9   Thumb Code   386  __printf_flags_ss_wp.o(.text)
    strncmp                                  0x00005581   Thumb Code   154  strncmp.o(.text)
    _memset_w                                0x00005621   Thumb Code    26  rt_memclr.o(.text)
    _memset                                  0x0000563b   Thumb Code    30  rt_memclr.o(.text)
    __aeabi_memclr                           0x00005659   Thumb Code     4  rt_memclr.o(.text)
    __rt_memclr                              0x00005659   Thumb Code     0  rt_memclr.o(.text)
    __aeabi_memclr4                          0x0000565d   Thumb Code     0  rt_memclr.o(.text)
    __aeabi_memclr8                          0x0000565d   Thumb Code     0  rt_memclr.o(.text)
    __rt_memclr_w                            0x0000565d   Thumb Code     4  rt_memclr.o(.text)
    strncpy                                  0x00005661   Thumb Code   104  strncpy.o(.text)
    __aeabi_uidiv                            0x000056cd   Thumb Code     0  aeabi_sdiv.o(.text)
    __aeabi_uidivmod                         0x000056cd   Thumb Code    20  aeabi_sdiv.o(.text)
    __aeabi_idiv                             0x000056e1   Thumb Code     0  aeabi_sdiv.o(.text)
    __aeabi_idivmod                          0x000056e1   Thumb Code   326  aeabi_sdiv.o(.text)
    _printf_truncate_signed                  0x00005827   Thumb Code    18  _printf_truncate.o(.text)
    _printf_truncate_unsigned                0x00005839   Thumb Code    18  _printf_truncate.o(.text)
    _printf_str                              0x0000584b   Thumb Code    82  _printf_str.o(.text)
    _printf_int_common                       0x0000589d   Thumb Code   176  _printf_intcommon.o(.text)
    _printf_charcount                        0x0000594d   Thumb Code    38  _printf_charcount.o(.text)
    _printf_char_common                      0x0000597f   Thumb Code    32  _printf_char_common.o(.text)
    _snputc                                  0x000059a5   Thumb Code    16  _snputc.o(.text)
    _printf_char_file                        0x000059b5   Thumb Code    34  _printf_char_file.o(.text)
    _printf_wctomb                           0x000059dd   Thumb Code   182  _printf_wctomb.o(.text)
    _printf_longlong_dec                     0x00005a99   Thumb Code    94  _printf_longlong_dec.o(.text)
    _printf_longlong_oct                     0x00005b09   Thumb Code    68  _printf_oct_int_ll.o(.text)
    _printf_int_oct                          0x00005b4d   Thumb Code    24  _printf_oct_int_ll.o(.text)
    _printf_ll_oct                           0x00005b65   Thumb Code    10  _printf_oct_int_ll.o(.text)
    __rt_udiv10                              0x00005b79   Thumb Code    40  rtudiv10.o(.text)
    _ll_udiv10                               0x00005ba1   Thumb Code   122  lludiv10.o(.text)
    __lib_sel_fp_printf                      0x00005c1d   Thumb Code     2  _printf_fp_dec.o(.text)
    _printf_fp_dec_real                      0x00005db7   Thumb Code   620  _printf_fp_dec.o(.text)
    _printf_fp_hex_real                      0x00006031   Thumb Code   714  _printf_fp_hex.o(.text)
    _printf_cs_common                        0x00006305   Thumb Code    22  _printf_char.o(.text)
    _printf_char                             0x0000631b   Thumb Code    16  _printf_char.o(.text)
    _printf_string                           0x0000632b   Thumb Code     8  _printf_char.o(.text)
    _printf_lcs_common                       0x00006333   Thumb Code    22  _printf_wchar.o(.text)
    _printf_wchar                            0x00006349   Thumb Code    16  _printf_wchar.o(.text)
    _printf_wstring                          0x00006359   Thumb Code     8  _printf_wchar.o(.text)
    _wcrtomb                                 0x00006361   Thumb Code    64  _wcrtomb.o(.text)
    __user_setup_stackheap                   0x000063a1   Thumb Code    62  sys_stackheap_outer.o(.text)
    __rt_ctype_table                         0x000063e1   Thumb Code    16  rt_ctype_table.o(.text)
    __rt_locale                              0x000063f1   Thumb Code     8  rt_locale_intlibspace.o(.text)
    _printf_fp_infnan                        0x000063f9   Thumb Code   120  _printf_fp_infnan.o(.text)
    _btod_etento                             0x00006481   Thumb Code   196  bigflt0.o(.text)
    _btod_d2e                                0x00006549   Thumb Code    64  btod.o(.text)
    _btod_emul                               0x0000693f   Thumb Code    24  btod.o(.text)
    _btod_emuld                              0x00006957   Thumb Code    60  btod.o(.text)
    _btod_ediv                               0x00006993   Thumb Code    22  btod.o(.text)
    _btod_edivd                              0x000069a9   Thumb Code    60  btod.o(.text)
    exit                                     0x000069f1   Thumb Code    12  exit.o(.text)
    __user_libspace                          0x000069fd   Thumb Code     8  libspace.o(.text)
    __user_perproc_libspace                  0x000069fd   Thumb Code     0  libspace.o(.text)
    __user_perthread_libspace                0x000069fd   Thumb Code     0  libspace.o(.text)
    strcmp                                   0x00006a05   Thumb Code   132  strcmp.o(.text)
    __ARM_common_ll_muluu                    0x00006a8d   Thumb Code    48  btod.o(i.__ARM_common_ll_muluu)
    __ARM_common_switch8                     0x00006abd   Thumb Code    28  i2c.o(i.__ARM_common_switch8)
    __ARM_fpclassify                         0x00006ad9   Thumb Code    40  fpclassify.o(i.__ARM_fpclassify)
    _is_digit                                0x00006b05   Thumb Code    14  __printf_wp.o(i._is_digit)
    _get_lc_numeric                          0x00006b15   Thumb Code    44  lc_numeric_c.o(locale$$code)
    _get_lc_ctype                            0x00006b41   Thumb Code    44  lc_ctype_c.o(locale$$code)
    _printf_fp_dec                           0x00006b6d   Thumb Code    16  printf1.o(x$fpl$printf1)
    _printf_fp_hex                           0x00006b7d   Thumb Code    16  printf2.o(x$fpl$printf2)
    __I$use$fp                               0x00006b8c   Number         0  usenofp.o(x$fpl$usenofp)
    segcode                                  0x00006bac   Data          32  seg7led.o(.constdata)
    UniV                                     0x00006bdc   Data         192  oled2864.o(.constdata)
    Ascii_1                                  0x00006c9c   Data        1205  oled2864.o(.constdata)
    Ascii_2                                  0x00007151   Data         535  oled2864.o(.constdata)
    RFID_READ_MOD_TYPE_01                    0x00007378   Data           2  rfid.o(.constdata)
    RFID_READ_TYPE_19                        0x0000737a   Data           2  rfid.o(.constdata)
    RFID_READ_CARD_20                        0x0000737c   Data           2  rfid.o(.constdata)
    RFID_READ_DATA_BLOCK_21                  0x0000737e   Data          10  rfid.o(.constdata)
    RFID_WRITE_DATA_BLOCK_22_0               0x00007388   Data          26  rfid.o(.constdata)
    RFID_WRITE_DATA_BLOCK_22_1               0x000073a2   Data          26  rfid.o(.constdata)
    Region$$Table$$Base                      0x000074c4   Number         0  anon$$obj.o(Region$$Table)
    Region$$Table$$Limit                     0x000074e4   Number         0  anon$$obj.o(Region$$Table)
    __ctype                                  0x0000750d   Data           0  lc_ctype_c.o(locale$$data)
    ClockSource                              0x10000000   Data           4  system_lpc11xx.o(.data)
    SystemFrequency                          0x10000004   Data           4  system_lpc11xx.o(.data)
    SystemAHBFrequency                       0x10000008   Data           4  system_lpc11xx.o(.data)
    UARTStatus                               0x1000000c   Data           4  uart.o(.data)
    UARTTxEmpty                              0x10000010   Data           1  uart.o(.data)
    UARTCount                                0x10000014   Data           4  uart.o(.data)
    UART_op                                  0x10000018   Data           4  uart.o(.data)
    __stdout                                 0x1000001c   Data           4  retarget.o(.data)
    __stdin                                  0x10000020   Data           4  retarget.o(.data)
    timer32_0_counter                        0x10000024   Data           4  timer32.o(.data)
    timer32_1_counter                        0x10000028   Data           4  timer32.o(.data)
    timer32_0_capture                        0x1000002c   Data           4  timer32.o(.data)
    timer32_1_capture                        0x10000030   Data           4  timer32.o(.data)
    timer32_0_period                         0x10000034   Data           4  timer32.o(.data)
    timer32_1_period                         0x10000038   Data           4  timer32.o(.data)
    interruptRxStat0                         0x1000003c   Data           4  ssp.o(.data)
    interruptOverRunStat0                    0x10000040   Data           4  ssp.o(.data)
    interruptRxTimeoutStat0                  0x10000044   Data           4  ssp.o(.data)
    interruptRxStat1                         0x10000048   Data           4  ssp.o(.data)
    interruptOverRunStat1                    0x1000004c   Data           4  ssp.o(.data)
    interruptRxTimeoutStat1                  0x10000050   Data           4  ssp.o(.data)
    BOffCnt                                  0x10000080   Data           4  can.o(.data)
    EWarnCnt                                 0x10000084   Data           4  can.o(.data)
    EPassCnt                                 0x10000088   Data           4  can.o(.data)
    SPI752_rbuf_0_ip                         0x10000094   Data           2  spi_uart.o(.data)
    SPI752_rbuf_0_op                         0x10000096   Data           2  spi_uart.o(.data)
    SPI752_rbuf_1_ip                         0x10000098   Data           2  spi_uart.o(.data)
    SPI752_rbuf_1_op                         0x1000009a   Data           2  spi_uart.o(.data)
    period                                   0x100000a4   Data           4  led_spk_fan.o(.data)
    i                                        0x100000a8   Data           4  led_spk_fan.o(.data)
    gpio0_counter                            0x100000ac   Data           4  lpc11c14_it.o(.data)
    p0_1_counter                             0x100000b0   Data           4  lpc11c14_it.o(.data)
    gpio1_counter                            0x100000b4   Data           4  lpc11c14_it.o(.data)
    p1_1_counter                             0x100000b8   Data           4  lpc11c14_it.o(.data)
    gpio2_counter                            0x100000bc   Data           4  lpc11c14_it.o(.data)
    p2_8_counter                             0x100000c0   Data           4  lpc11c14_it.o(.data)
    gpio3_counter                            0x100000c4   Data           4  lpc11c14_it.o(.data)
    p3_1_counter                             0x100000c8   Data           4  lpc11c14_it.o(.data)
    p3_2_counter                             0x100000cc   Data           4  lpc11c14_it.o(.data)
    p3_2_tc                                  0x100000d0   Data           4  lpc11c14_it.o(.data)
    event                                    0x100000d4   Data           4  event.o(.data)
    rfid_rec_num                             0x100000e0   Data           4  lsj_protocol.o(.data)
    LSJ_DEV                                  0x100000e4   Data           8  lsj_protocol.o(.data)
    UARTBuffer                               0x100000f4   Data          64  uart.o(.bss)
    CANRxDone                                0x10000134   Data         128  can.o(.bss)
    can_buff                                 0x100001b4   Data         768  can.o(.bss)
    SPI752_rbuf_0                            0x100004b4   Data         128  spi_uart.o(.bss)
    SPI752_rbuf_1                            0x10000534   Data         128  spi_uart.o(.bss)
    receive_buff                             0x100005b4   Data          18  lsj_protocol.o(.bss)
    send_buff                                0x100005c6   Data          18  lsj_protocol.o(.bss)
    rfid_buff                                0x100005d8   Data          40  lsj_protocol.o(.bss)
    __libspace_start                         0x10000600   Data          96  libspace.o(.bss)
    __temporary_stack_top$libspace           0x10000660   Data           0  libspace.o(.bss)



==============================================================================

Memory Map of the image

  Image Entry point : 0x000000c1

  Load Region LR_IROM1 (Base: 0x00000000, Size: 0x00007704, Max: 0x00008000, ABSOLUTE)

    Execution Region ER_IROM1 (Base: 0x00000000, Size: 0x00007610, Max: 0x00008000, ABSOLUTE)

    Base Addr    Size         Type   Attr      Idx    E Section Name        Object

    0x00000000   0x000000c0   Data   RO            3    RESET               startup_lpc11xx.o
    0x000000c0   0x00000008   Code   RO          683  * !!!main             c_p.l(__main.o)
    0x000000c8   0x0000003c   Code   RO          960    !!!scatter          c_p.l(__scatter.o)
    0x00000104   0x0000001a   Code   RO          962    !!handler_copy      c_p.l(__scatter_copy.o)
    0x0000011e   0x00000002   PAD
    0x00000120   0x0000001c   Code   RO          964    !!handler_zi        c_p.l(__scatter_zi.o)
    0x0000013c   0x00000002   Code   RO          666    .ARM.Collect$$_printf_percent$$00000000  c_p.l(_printf_percent.o)
    0x0000013e   0x0000000a   Code   RO          732    .ARM.Collect$$_printf_percent$$00000001  c_p.l(_printf_n.o)
    0x00000148   0x0000000a   Code   RO          733    .ARM.Collect$$_printf_percent$$00000002  c_p.l(_printf_p.o)
    0x00000152   0x0000000a   Code   RO          737    .ARM.Collect$$_printf_percent$$00000003  c_p.l(_printf_f.o)
    0x0000015c   0x0000000a   Code   RO          738    .ARM.Collect$$_printf_percent$$00000004  c_p.l(_printf_e.o)
    0x00000166   0x0000000a   Code   RO          739    .ARM.Collect$$_printf_percent$$00000005  c_p.l(_printf_g.o)
    0x00000170   0x0000000a   Code   RO          740    .ARM.Collect$$_printf_percent$$00000006  c_p.l(_printf_a.o)
    0x0000017a   0x0000000a   Code   RO          745    .ARM.Collect$$_printf_percent$$00000007  c_p.l(_printf_ll.o)
    0x00000184   0x0000000a   Code   RO          735    .ARM.Collect$$_printf_percent$$00000008  c_p.l(_printf_i.o)
    0x0000018e   0x0000000a   Code   RO          665    .ARM.Collect$$_printf_percent$$00000009  c_p.l(_printf_d.o)
    0x00000198   0x0000000a   Code   RO          736    .ARM.Collect$$_printf_percent$$0000000A  c_p.l(_printf_u.o)
    0x000001a2   0x0000000a   Code   RO          734    .ARM.Collect$$_printf_percent$$0000000B  c_p.l(_printf_o.o)
    0x000001ac   0x0000000a   Code   RO          664    .ARM.Collect$$_printf_percent$$0000000C  c_p.l(_printf_x.o)
    0x000001b6   0x0000000a   Code   RO          742    .ARM.Collect$$_printf_percent$$0000000D  c_p.l(_printf_lli.o)
    0x000001c0   0x0000000a   Code   RO          743    .ARM.Collect$$_printf_percent$$0000000E  c_p.l(_printf_lld.o)
    0x000001ca   0x0000000a   Code   RO          744    .ARM.Collect$$_printf_percent$$0000000F  c_p.l(_printf_llu.o)
    0x000001d4   0x0000000a   Code   RO          749    .ARM.Collect$$_printf_percent$$00000010  c_p.l(_printf_llo.o)
    0x000001de   0x0000000a   Code   RO          750    .ARM.Collect$$_printf_percent$$00000011  c_p.l(_printf_llx.o)
    0x000001e8   0x0000000a   Code   RO          746    .ARM.Collect$$_printf_percent$$00000012  c_p.l(_printf_l.o)
    0x000001f2   0x0000000a   Code   RO          730    .ARM.Collect$$_printf_percent$$00000013  c_p.l(_printf_c.o)
    0x000001fc   0x0000000a   Code   RO          731    .ARM.Collect$$_printf_percent$$00000014  c_p.l(_printf_s.o)
    0x00000206   0x0000000a   Code   RO          747    .ARM.Collect$$_printf_percent$$00000015  c_p.l(_printf_lc.o)
    0x00000210   0x0000000a   Code   RO          748    .ARM.Collect$$_printf_percent$$00000016  c_p.l(_printf_ls.o)
    0x0000021a   0x00000004   Code   RO          741    .ARM.Collect$$_printf_percent$$00000017  c_p.l(_printf_percent_end.o)
    0x0000021e   0x00000002   Code   RO          827    .ARM.Collect$$libinit$$00000000  c_p.l(libinit.o)
    0x00000220   0x00000000   Code   RO          850    .ARM.Collect$$libinit$$00000002  c_p.l(libinit2.o)
    0x00000220   0x00000000   Code   RO          852    .ARM.Collect$$libinit$$00000004  c_p.l(libinit2.o)
    0x00000220   0x00000000   Code   RO          855    .ARM.Collect$$libinit$$0000000A  c_p.l(libinit2.o)
    0x00000220   0x00000000   Code   RO          857    .ARM.Collect$$libinit$$0000000C  c_p.l(libinit2.o)
    0x00000220   0x00000000   Code   RO          859    .ARM.Collect$$libinit$$0000000E  c_p.l(libinit2.o)
    0x00000220   0x00000006   Code   RO          860    .ARM.Collect$$libinit$$0000000F  c_p.l(libinit2.o)
    0x00000226   0x00000000   Code   RO          862    .ARM.Collect$$libinit$$00000011  c_p.l(libinit2.o)
    0x00000226   0x0000000c   Code   RO          863    .ARM.Collect$$libinit$$00000012  c_p.l(libinit2.o)
    0x00000232   0x00000000   Code   RO          864    .ARM.Collect$$libinit$$00000013  c_p.l(libinit2.o)
    0x00000232   0x00000000   Code   RO          866    .ARM.Collect$$libinit$$00000015  c_p.l(libinit2.o)
    0x00000232   0x0000000a   Code   RO          867    .ARM.Collect$$libinit$$00000016  c_p.l(libinit2.o)
    0x0000023c   0x00000000   Code   RO          868    .ARM.Collect$$libinit$$00000017  c_p.l(libinit2.o)
    0x0000023c   0x00000000   Code   RO          870    .ARM.Collect$$libinit$$00000019  c_p.l(libinit2.o)
    0x0000023c   0x00000000   Code   RO          872    .ARM.Collect$$libinit$$0000001B  c_p.l(libinit2.o)
    0x0000023c   0x00000000   Code   RO          874    .ARM.Collect$$libinit$$0000001D  c_p.l(libinit2.o)
    0x0000023c   0x00000000   Code   RO          876    .ARM.Collect$$libinit$$0000001F  c_p.l(libinit2.o)
    0x0000023c   0x00000000   Code   RO          878    .ARM.Collect$$libinit$$00000021  c_p.l(libinit2.o)
    0x0000023c   0x00000000   Code   RO          880    .ARM.Collect$$libinit$$00000023  c_p.l(libinit2.o)
    0x0000023c   0x00000000   Code   RO          882    .ARM.Collect$$libinit$$00000025  c_p.l(libinit2.o)
    0x0000023c   0x00000000   Code   RO          886    .ARM.Collect$$libinit$$0000002C  c_p.l(libinit2.o)
    0x0000023c   0x00000000   Code   RO          888    .ARM.Collect$$libinit$$0000002E  c_p.l(libinit2.o)
    0x0000023c   0x00000000   Code   RO          890    .ARM.Collect$$libinit$$00000030  c_p.l(libinit2.o)
    0x0000023c   0x00000000   Code   RO          892    .ARM.Collect$$libinit$$00000032  c_p.l(libinit2.o)
    0x0000023c   0x00000002   Code   RO          893    .ARM.Collect$$libinit$$00000033  c_p.l(libinit2.o)
    0x0000023e   0x00000002   Code   RO          917    .ARM.Collect$$libshutdown$$00000000  c_p.l(libshutdown.o)
    0x00000240   0x00000000   Code   RO          944    .ARM.Collect$$libshutdown$$00000003  c_p.l(libshutdown2.o)
    0x00000240   0x00000000   Code   RO          947    .ARM.Collect$$libshutdown$$00000006  c_p.l(libshutdown2.o)
    0x00000240   0x00000000   Code   RO          950    .ARM.Collect$$libshutdown$$00000009  c_p.l(libshutdown2.o)
    0x00000240   0x00000000   Code   RO          952    .ARM.Collect$$libshutdown$$0000000B  c_p.l(libshutdown2.o)
    0x00000240   0x00000000   Code   RO          955    .ARM.Collect$$libshutdown$$0000000E  c_p.l(libshutdown2.o)
    0x00000240   0x00000002   Code   RO          956    .ARM.Collect$$libshutdown$$0000000F  c_p.l(libshutdown2.o)
    0x00000242   0x00000000   Code   RO          698    .ARM.Collect$$rtentry$$00000000  c_p.l(__rtentry.o)
    0x00000242   0x00000000   Code   RO          763    .ARM.Collect$$rtentry$$00000002  c_p.l(__rtentry2.o)
    0x00000242   0x00000006   Code   RO          775    .ARM.Collect$$rtentry$$00000004  c_p.l(__rtentry4.o)
    0x00000248   0x00000000   Code   RO          765    .ARM.Collect$$rtentry$$00000009  c_p.l(__rtentry2.o)
    0x00000248   0x00000004   Code   RO          766    .ARM.Collect$$rtentry$$0000000A  c_p.l(__rtentry2.o)
    0x0000024c   0x00000000   Code   RO          768    .ARM.Collect$$rtentry$$0000000C  c_p.l(__rtentry2.o)
    0x0000024c   0x00000008   Code   RO          769    .ARM.Collect$$rtentry$$0000000D  c_p.l(__rtentry2.o)
    0x00000254   0x00000002   Code   RO          836    .ARM.Collect$$rtexit$$00000000  c_p.l(rtexit.o)
    0x00000256   0x00000000   Code   RO          895    .ARM.Collect$$rtexit$$00000002  c_p.l(rtexit2.o)
    0x00000256   0x00000004   Code   RO          896    .ARM.Collect$$rtexit$$00000003  c_p.l(rtexit2.o)
    0x0000025a   0x00000006   Code   RO          897    .ARM.Collect$$rtexit$$00000004  c_p.l(rtexit2.o)
    0x00000260   0x00000038   Code   RO          669    .emb_text           c_p.l(rt_memcpy.o)
    0x00000298   0x00000034   Code   RO            5    .text               startup_lpc11xx.o
    0x000002cc   0x00000002   Code   RO          605    .text               c_p.l(use_no_semi.o)
    0x000002ce   0x00000002   PAD
    0x000002d0   0x0000001c   Code   RO          609    .text               c_p.l(__2printf.o)
    0x000002ec   0x00000006   Code   RO          681    .text               c_p.l(heapauxi.o)
    0x000002f2   0x0000000a   Code   RO          713    .text               c_p.l(_sputc.o)
    0x000002fc   0x00000004   Code   RO            4    .ARM.__at_0x02FC    startup_lpc11xx.o
    0x00000300   0x000000e4   Code   RO           27    .text               system_lpc11xx.o
    0x000003e4   0x0000007c   Code   RO           51    .text               clkconfig.o
    0x00000460   0x000003f4   Code   RO           70    .text               gpio.o
    0x00000854   0x00000254   Code   RO           90    .text               uart.o
    0x00000aa8   0x0000008c   Code   RO          119    .text               retarget.o
    0x00000b34   0x000004b4   Code   RO          145    .text               timer32.o
    0x00000fe8   0x000005b0   Code   RO          163    .text               ssp.o
    0x00001598   0x0000030c   Code   RO          183    .text               i2c.o
    0x000018a4   0x00000368   Code   RO          211    .text               can.o
    0x00001c0c   0x00000094   Code   RO          250    .text               tools.o
    0x00001ca0   0x000000a6   Code   RO          274    .text               key.o
    0x00001d46   0x00000002   PAD
    0x00001d48   0x00000090   Code   RO          291    .text               seg7led.o
    0x00001dd8   0x00000910   Code   RO          309    .text               oled2864.o
    0x000026e8   0x000003f8   Code   RO          324    .text               temp_hum.o
    0x00002ae0   0x0000034c   Code   RO          345    .text               light.o
    0x00002e2c   0x00000274   Code   RO          362    .text               acc.o
    0x000030a0   0x00000658   Code   RO          377    .text               rfid.o
    0x000036f8   0x000008ac   Code   RO          398    .text               spi_uart.o
    0x00003fa4   0x00000858   Code   RO          418    .text               main.o
    0x000047fc   0x000000c8   Code   RO          481    .text               menu.o
    0x000048c4   0x000003d0   Code   RO          507    .text               led_spk_fan.o
    0x00004c94   0x000000e0   Code   RO          524    .text               lpc11c14_it.o
    0x00004d74   0x00000264   Code   RO          556    .text               arm_system.o
    0x00004fd8   0x00000258   Code   RO          578    .text               lsj_protocol.o
    0x00005230   0x00000038   Code   RO          607    .text               c_p.l(vsnprintf.o)
    0x00005268   0x0000003c   Code   RO          611    .text               c_p.l(__2snprintf.o)
    0x000052a4   0x0000004e   Code   RO          619    .text               c_p.l(_printf_pad.o)
    0x000052f2   0x00000002   PAD
    0x000052f4   0x0000006c   Code   RO          621    .text               c_p.l(_printf_dec.o)
    0x00005360   0x00000098   Code   RO          641    .text               c_p.l(_printf_hex_int_ll_ptr.o)
    0x000053f8   0x00000188   Code   RO          661    .text               c_p.l(__printf_flags_ss_wp.o)
    0x00005580   0x000000a0   Code   RO          667    .text               c_p.l(strncmp.o)
    0x00005620   0x00000040   Code   RO          673    .text               c_p.l(rt_memclr.o)
    0x00005660   0x0000006c   Code   RO          675    .text               c_p.l(strncpy.o)
    0x000056cc   0x0000015a   Code   RO          677    .text               c_p.l(aeabi_sdiv.o)
    0x00005826   0x00000024   Code   RO          703    .text               c_p.l(_printf_truncate.o)
    0x0000584a   0x00000052   Code   RO          705    .text               c_p.l(_printf_str.o)
    0x0000589c   0x000000b0   Code   RO          707    .text               c_p.l(_printf_intcommon.o)
    0x0000594c   0x00000026   Code   RO          709    .text               c_p.l(_printf_charcount.o)
    0x00005972   0x00000002   PAD
    0x00005974   0x00000030   Code   RO          711    .text               c_p.l(_printf_char_common.o)
    0x000059a4   0x00000010   Code   RO          715    .text               c_p.l(_snputc.o)
    0x000059b4   0x00000028   Code   RO          717    .text               c_p.l(_printf_char_file.o)
    0x000059dc   0x000000bc   Code   RO          719    .text               c_p.l(_printf_wctomb.o)
    0x00005a98   0x00000070   Code   RO          722    .text               c_p.l(_printf_longlong_dec.o)
    0x00005b08   0x00000070   Code   RO          728    .text               c_p.l(_printf_oct_int_ll.o)
    0x00005b78   0x00000028   Code   RO          751    .text               c_p.l(rtudiv10.o)
    0x00005ba0   0x0000007a   Code   RO          779    .text               c_p.l(lludiv10.o)
    0x00005c1a   0x00000002   PAD
    0x00005c1c   0x00000414   Code   RO          781    .text               c_p.l(_printf_fp_dec.o)
    0x00006030   0x000002d4   Code   RO          783    .text               c_p.l(_printf_fp_hex.o)
    0x00006304   0x0000002e   Code   RO          788    .text               c_p.l(_printf_char.o)
    0x00006332   0x0000002e   Code   RO          790    .text               c_p.l(_printf_wchar.o)
    0x00006360   0x00000040   Code   RO          792    .text               c_p.l(_wcrtomb.o)
    0x000063a0   0x0000003e   Code   RO          794    .text               c_p.l(sys_stackheap_outer.o)
    0x000063de   0x00000002   PAD
    0x000063e0   0x00000010   Code   RO          797    .text               c_p.l(rt_ctype_table.o)
    0x000063f0   0x00000008   Code   RO          802    .text               c_p.l(rt_locale_intlibspace.o)
    0x000063f8   0x00000088   Code   RO          804    .text               c_p.l(_printf_fp_infnan.o)
    0x00006480   0x000000c8   Code   RO          806    .text               c_p.l(bigflt0.o)
    0x00006548   0x000004a8   Code   RO          809    .text               c_p.l(btod.o)
    0x000069f0   0x0000000c   Code   RO          816    .text               c_p.l(exit.o)
    0x000069fc   0x00000008   Code   RO          832    .text               c_p.l(libspace.o)
    0x00006a04   0x00000088   Code   RO          847    .text               c_p.l(strcmp.o)
    0x00006a8c   0x00000030   Code   RO          811    i.__ARM_common_ll_muluu  c_p.l(btod.o)
    0x00006abc   0x0000001c   Code   RO          194    i.__ARM_common_switch8  i2c.o
    0x00006ad8   0x0000002c   Code   RO          830    i.__ARM_fpclassify  m_ps.l(fpclassify.o)
    0x00006b04   0x0000000e   Code   RO          654    i._is_digit         c_p.l(__printf_wp.o)
    0x00006b12   0x00000002   PAD
    0x00006b14   0x0000002c   Code   RO          814    locale$$code        c_p.l(lc_numeric_c.o)
    0x00006b40   0x0000002c   Code   RO          841    locale$$code        c_p.l(lc_ctype_c.o)
    0x00006b6c   0x00000010   Code   RO          753    x$fpl$printf1       fz_ps.l(printf1.o)
    0x00006b7c   0x00000010   Code   RO          755    x$fpl$printf2       fz_ps.l(printf2.o)
    0x00006b8c   0x00000000   Code   RO          761    x$fpl$usenofp       fz_ps.l(usenofp.o)
    0x00006b8c   0x00000010   Data   RO           71    .constdata          gpio.o
    0x00006b9c   0x00000030   Data   RO          292    .constdata          seg7led.o
    0x00006bcc   0x0000079c   Data   RO          310    .constdata          oled2864.o
    0x00007368   0x00000054   Data   RO          378    .constdata          rfid.o
    0x000073bc   0x00000028   Data   RO          642    .constdata          c_p.l(_printf_hex_int_ll_ptr.o)
    0x000073e4   0x00000011   Data   RO          662    .constdata          c_p.l(__printf_flags_ss_wp.o)
    0x000073f5   0x00000003   PAD
    0x000073f8   0x00000008   Data   RO          720    .constdata          c_p.l(_printf_wctomb.o)
    0x00007400   0x00000026   Data   RO          784    .constdata          c_p.l(_printf_fp_hex.o)
    0x00007426   0x00000002   PAD
    0x00007428   0x00000094   Data   RO          807    .constdata          c_p.l(bigflt0.o)
    0x000074bc   0x00000008   Data   RO          581    .conststring        lsj_protocol.o
    0x000074c4   0x00000020   Data   RO          958    Region$$Table       anon$$obj.o
    0x000074e4   0x0000001c   Data   RO          813    locale$$data        c_p.l(lc_numeric_c.o)
    0x00007500   0x00000110   Data   RO          840    locale$$data        c_p.l(lc_ctype_c.o)


    Execution Region RW_IRAM1 (Base: 0x10000000, Size: 0x00000860, Max: 0x00002000, ABSOLUTE)

    Base Addr    Size         Type   Attr      Idx    E Section Name        Object

    0x10000000   0x0000000c   Data   RW           28    .data               system_lpc11xx.o
    0x1000000c   0x00000010   Data   RW           92    .data               uart.o
    0x1000001c   0x00000008   Data   RW          120    .data               retarget.o
    0x10000024   0x00000018   Data   RW          146    .data               timer32.o
    0x1000003c   0x00000018   Data   RW          166    .data               ssp.o
    0x10000054   0x00000029   Data   RW          184    .data               i2c.o
    0x1000007d   0x00000003   PAD
    0x10000080   0x0000000c   Data   RW          214    .data               can.o
    0x1000008c   0x00000008   Data   RW          346    .data               light.o
    0x10000094   0x00000008   Data   RW          401    .data               spi_uart.o
    0x1000009c   0x00000007   Data   RW          420    .data               main.o
    0x100000a3   0x00000001   PAD
    0x100000a4   0x00000008   Data   RW          509    .data               led_spk_fan.o
    0x100000ac   0x00000028   Data   RW          526    .data               lpc11c14_it.o
    0x100000d4   0x00000004   Data   RW          540    .data               event.o
    0x100000d8   0x00000005   Data   RW          558    .data               arm_system.o
    0x100000dd   0x00000003   PAD
    0x100000e0   0x00000011   Data   RW          582    .data               lsj_protocol.o
    0x100000f1   0x00000003   PAD
    0x100000f4   0x00000040   Zero   RW           91    .bss                uart.o
    0x10000134   0x00000380   Zero   RW          212    .bss                can.o
    0x100004b4   0x00000100   Zero   RW          399    .bss                spi_uart.o
    0x100005b4   0x0000004c   Zero   RW          579    .bss                lsj_protocol.o
    0x10000600   0x00000060   Zero   RW          833    .bss                c_p.l(libspace.o)
    0x10000660   0x00000000   Zero   RW            2    HEAP                startup_lpc11xx.o
    0x10000660   0x00000200   Zero   RW            1    STACK               startup_lpc11xx.o


==============================================================================

Image component sizes


      Code (inc. data)   RO Data    RW Data    ZI Data      Debug   Object Name

       628         90          0          0          0       3544   acc.o
       612         52          0          5          0       8711   arm_system.o
       872         66          0         12        896       4391   can.o
       124         10          0          0          0        625   clkconfig.o
         0          0          0          0          0       4504   core_cm0.o
         0          0          0          4          0        184   event.o
      1012         28         16          0          0      10861   gpio.o
       808         62          0         41          0      17785   i2c.o
       166          0          0          0          0        644   key.o
       976        128          0          8          0       2271   led_spk_fan.o
       844         54          0          8          0       4166   light.o
       224         32          0         40          0       1869   lpc11c14_it.o
       600         30          8         17         76       5928   lsj_protocol.o
      2136        672          0          7          0       5849   main.o
       200          0          0          0          0        587   menu.o
      2320         26       1948          0          0      10900   oled2864.o
       140         12          0          8          0       3449   retarget.o
      1624        190         84          0          0       3825   rfid.o
       144          4         48          0          0       1197   seg7led.o
      2220        336          0          8        256       5413   spi_uart.o
      1456         60          0         24          0       4013   ssp.o
        56         22        192          0        512       1004   startup_lpc11xx.o
       228         26          0         12          0       8301   system_lpc11xx.o
      1016        208          0          0          0       2265   temp_hum.o
      1204         56          0         24          0       3724   timer32.o
       148          8          0          0          0       1087   tools.o
       596         42          0         16         64      11155   uart.o

    ----------------------------------------------------------------------
     20356       2214       2328        244       1804     128252   Object Totals
         0          0         32          0          0          0   (incl. Generated)
         2          0          0         10          0          0   (incl. Padding)

    ----------------------------------------------------------------------

      Code (inc. data)   RO Data    RW Data    ZI Data      Debug   Library Member Name

        28          6          0          0          0         84   __2printf.o
        60          6          0          0          0         92   __2snprintf.o
         8          0          0          0          0         68   __main.o
       392          6         17          0          0         76   __printf_flags_ss_wp.o
        14          0          0          0          0         60   __printf_wp.o
         0          0          0          0          0          0   __rtentry.o
        12          0          0          0          0          0   __rtentry2.o
         6          0          0          0          0          0   __rtentry4.o
        60          8          0          0          0          0   __scatter.o
        26          0          0          0          0          0   __scatter_copy.o
        28          0          0          0          0          0   __scatter_zi.o
        10          0          0          0          0          0   _printf_a.o
        10          0          0          0          0          0   _printf_c.o
        46          0          0          0          0        100   _printf_char.o
        48          6          0          0          0         88   _printf_char_common.o
        40          6          0          0          0         72   _printf_char_file.o
        38          0          0          0          0         60   _printf_charcount.o
        10          0          0          0          0          0   _printf_d.o
       108         18          0          0          0         76   _printf_dec.o
        10          0          0          0          0          0   _printf_e.o
        10          0          0          0          0          0   _printf_f.o
      1044         14          0          0          0        176   _printf_fp_dec.o
       724         10         38          0          0         84   _printf_fp_hex.o
       136         16          0          0          0         76   _printf_fp_infnan.o
        10          0          0          0          0          0   _printf_g.o
       152          4         40          0          0        148   _printf_hex_int_ll_ptr.o
        10          0          0          0          0          0   _printf_i.o
       176          0          0          0          0         84   _printf_intcommon.o
        10          0          0          0          0          0   _printf_l.o
        10          0          0          0          0          0   _printf_lc.o
        10          0          0          0          0          0   _printf_ll.o
        10          0          0          0          0          0   _printf_lld.o
        10          0          0          0          0          0   _printf_lli.o
        10          0          0          0          0          0   _printf_llo.o
        10          0          0          0          0          0   _printf_llu.o
        10          0          0          0          0          0   _printf_llx.o
       112         18          0          0          0         76   _printf_longlong_dec.o
        10          0          0          0          0          0   _printf_ls.o
        10          0          0          0          0          0   _printf_n.o
        10          0          0          0          0          0   _printf_o.o
       112         10          0          0          0        112   _printf_oct_int_ll.o
        10          0          0          0          0          0   _printf_p.o
        78          0          0          0          0        100   _printf_pad.o
         2          0          0          0          0          0   _printf_percent.o
         4          0          0          0          0          0   _printf_percent_end.o
        10          0          0          0          0          0   _printf_s.o
        82          0          0          0          0         72   _printf_str.o
        36          0          0          0          0         76   _printf_truncate.o
        10          0          0          0          0          0   _printf_u.o
        46          0          0          0          0        100   _printf_wchar.o
       188          6          8          0          0         80   _printf_wctomb.o
        10          0          0          0          0          0   _printf_x.o
        16          0          0          0          0         60   _snputc.o
        10          0          0          0          0         60   _sputc.o
        64          0          0          0          0         72   _wcrtomb.o
       346          0          0          0          0         92   aeabi_sdiv.o
       200          4        148          0          0         80   bigflt0.o
      1240         12          0          0          0        316   btod.o
        12          0          0          0          0         64   exit.o
         6          0          0          0          0        136   heapauxi.o
        44         10        272          0          0         76   lc_ctype_c.o
        44         10         28          0          0         76   lc_numeric_c.o
         2          0          0          0          0          0   libinit.o
        30          0          0          0          0          0   libinit2.o
         2          0          0          0          0          0   libshutdown.o
         2          0          0          0          0          0   libshutdown2.o
         8          4          0          0         96         68   libspace.o
       122          0          0          0          0         72   lludiv10.o
        16          4          0          0          0         76   rt_ctype_table.o
         8          4          0          0          0         68   rt_locale_intlibspace.o
        64          0          0          0          0        108   rt_memclr.o
        56          0          0          0          0         68   rt_memcpy.o
         2          0          0          0          0          0   rtexit.o
        10          0          0          0          0          0   rtexit2.o
        40          0          0          0          0         60   rtudiv10.o
       136          4          0          0          0         72   strcmp.o
       160          6          0          0          0         76   strncmp.o
       108          4          0          0          0         76   strncpy.o
        62          0          0          0          0         80   sys_stackheap_outer.o
         2          0          0          0          0         68   use_no_semi.o
        56          6          0          0          0         72   vsnprintf.o
        16          4          0          0          0         76   printf1.o
        16          4          0          0          0         76   printf2.o
         0          0          0          0          0          0   usenofp.o
        44          4          0          0          0         60   fpclassify.o

    ----------------------------------------------------------------------
      6984        214        556          0         96       4168   Library Totals
        14          0          5          0          0          0   (incl. Padding)

    ----------------------------------------------------------------------

      Code (inc. data)   RO Data    RW Data    ZI Data      Debug   Library Name

      6894        202        551          0         96       3956   c_p.l
        32          8          0          0          0        152   fz_ps.l
        44          4          0          0          0         60   m_ps.l

    ----------------------------------------------------------------------
      6984        214        556          0         96       4168   Library Totals

    ----------------------------------------------------------------------

==============================================================================


      Code (inc. data)   RO Data    RW Data    ZI Data      Debug   

     27340       2428       2884        244       1900     128832   Grand Totals
     27340       2428       2884        244       1900     128832   ELF Image Totals
     27340       2428       2884        244          0          0   ROM Totals

==============================================================================

    Total RO  Size (Code + RO Data)                30224 (  29.52kB)
    Total RW  Size (RW Data + ZI Data)              2144 (   2.09kB)
    Total ROM Size (Code + RO Data + RW Data)      30468 (  29.75kB)

==============================================================================

