<html>
<body>
<pre>
<h1>µVision Build Log</h1>
<h2>Tool Versions:</h2>
IDE-Version: ¶ÃVision V5.14.0.0
Copyright (C) 2015 ARM Ltd and ARM Germany GmbH. All rights reserved.
License Information: zhaohe Microsoft, Microsoft, LIC=FQQEV-PUU55-SFUI0-BBDTR-4QU62-AI0L6
 
Tool Versions:
Toolchain:       MDK-ARM Professional  Version: 5.14.0.0
Toolchain Path:  E:\app\MDK514\ARM\ARMCC\Bin
C Compiler:      Armcc.exe V5.05 update 1 (build 106)
Assembler:       Armasm.exe V5.05 update 1 (build 106)
Linker/Locator:  ArmLink.exe V5.05 update 1 (build 106)
Library Manager: ArmAr.exe V5.05 update 1 (build 106)
Hex Converter:   FromElf.exe V5.05 update 1 (build 106)
CPU DLL:         SARMCM3.DLL V5.14.0.0
Dialog DLL:      DARMP1.DLL V1.25.0.0
    Target DLL: coocox-agdi.dll
Dialog DLL:      TARMP1.DLL V1.24.0.0
 
<h2>Project:</h2>
E:\project\M0\hq\19_Full µ—È\Full\project.uvproj
Project File Date:  10/20/2016

<h2>Output:</h2>
Build target 'Full'
compiling main.c...
src\main.c(543): warning:  #223-D: function "printf" declared implicitly
      printf("%d:%d:%d\n",x-x_,y-y_,z-z_);
src\main.c(545): warning:  #1-D: last line of file ends without a newline
  }
src\main.c: 2 warnings, 0 errors
compiling event.c...
compiling arm_system.c...
compiling lsj_protocol.c...
src\lsj_protocol.c(54): warning: C4488E: write to variable 'protocol' with offset out of bounds
}
src\lsj_protocol.c: 1 warning, 0 errors
linking...
Program Size: Code=27340 RO-data=2884 RW-data=244 ZI-data=1900  
FromELF: creating hex file...
".\output\Full.axf" - 0 Error(s), 3 Warning(s).
</pre>
</body>
</html>
